// Jest Snapshot v1, https://goo.gl/fbAQLP

exports[`AppHeader renders correctly and matches snapshot 1`] = `
<div>
  <img
    alt="Logo"
    class="header-logo"
    src="/logo-no-background.png"
  />
</div>
`;
